[backblue.gif]
[fade.gif]
[index.html]
[iatindia.org/assets/img/favicon.png]
[maxcdn.bootstrapcdn.com/font-awesome/4.5.0/css/font-awesome.min.css]
[cdnjs.cloudflare.com/ajax/libs/OwlCarousel2/2.3.4/assets/owl.carousel.min.css]
[cdnjs.cloudflare.com/ajax/libs/OwlCarousel2/2.3.4/assets/owl.theme.default.min.css]
[cdnjs.cloudflare.com/ajax/libs/animate.css/3.7.0/animate.css]
[stackpath.bootstrapcdn.com/font-awesome/4.7.0/css/font-awesome.min.css]
[md-aqil.github.io/images/swiper.min.css]
[unpkg.com/aos@2.3.1/dist/aos.css]
[iatindia.org/assets/img/logo.png]
[iatindia.org/assets/img/form-popup-image.jpg]
[iatindia.org/assets/img/about-img.png]
[iatindia.org/assets/icon/right-arrow.png]
[iatindia.org/assets/icon/icons-fixed-image-01.png]
[iatindia.org/assets/icon/icons-fixed-image-02.png]
[iatindia.org/assets/icon/icons-fixed-image-03.png]
[iatindia.org/assets/icon/icons-fixed-image-04.png]
[iatindia.org/assets/icon/icons-fixed-image-05.png]
[iatindia.org/assets/icon/icons-fixed-image-06.png]
[iatindia.org/assets/icon/icons-fixed-image-07.png]
[iatindia.org/assets/icon/icons-fixed-image-08.png]
[iatindia.org/assets/icon/icons-fixed-image-09.png]
[iatindia.org/storage/146/conversions/user-thumb.jpg]
[iatindia.org/assets/img/iat-service-image01.jpg]
[iatindia.org/assets/icon/right-arrow-white.png]
[iatindia.org/assets/img/iat-service-image02.jpg]
[iatindia.org/assets/img/iat-service-image03.jpg]
[iatindia.org/assets/img/iat-service-image04.jpg]
[iatindia.org/assets/img/certificate/certi1.jpg]
[iatindia.org/assets/img/certificate/certi2.jpg]
[iatindia.org/assets/img/certificate/certi3.jpg]
[iatindia.org/storage/108/conversions/partner6-thumb.jpg]
[iatindia.org/storage/109/conversions/partner3-thumb.jpg]
[iatindia.org/storage/110/conversions/partner1-thumb.jpg]
[iatindia.org/storage/111/conversions/partner5-thumb.jpg]
[iatindia.org/storage/112/conversions/evm-nissan-thumb.jpg]
[iatindia.org/storage/113/conversions/apco-honda-thumb.jpg]
[cdnjs.cloudflare.com/ajax/libs/jquery/2.1.3/jquery.min.js]
[iatindia.org/assets/js/jquery.easeScroll.js]
[iatindia.org/assets/img/footer-logo.png]
[iatindia.org/assets/icon/d5n-icon.png]
[iatindia.org/assets/icon/call-center.png]
[code.jquery.com/jquery-2.2.4.min.js]
[cdnjs.cloudflare.com/ajax/libs/OwlCarousel2/2.3.4/owl.carousel.min.js]
[iatindia.org/assets/js/testimonial-vedio.js]
[iatindia.org/assets/js/slider.js]
[cdnjs.cloudflare.com/ajax/libs/modernizr/2.8.3/modernizr.min.js]
[iatindia.org/assets/js/nav-bar.js]
[md-aqil.github.io/images/swiper.min.js]
[iatindia.org/assets/js/script.js]
[iatindia.org/assets/js/pop-box-technicial.js]
[iatindia.org/assets/js/top-button.js]
[iatindia.org/assets/js/text-typing.js]
[unpkg.com/isotope-layout@3/dist/isotope.pkgd.min.4a.delayed]
[unpkg.com/isotope-layout@3.0.6/dist/isotope.pkgd.min.js]
[iatindia.org/assets/js/gallery-filter.js]
[cdnjs.cloudflare.com/ajax/libs/magnific-popup.js/1.1.0/jquery.magnific-popup.min.js]
[iatindia.org/assets/js/gallery-image-popup.js]
[iatindia.org/assets/js/floating-wpp.min.js]
[iatindia.org/assets/js/whatsapp.js]
[unpkg.com/aos@2.3.1/dist/aos.js]
[iatindia.org/index.html]
[unpkg.com/sweetalert2@7.18.0/dist/sweetalert2.all.js]
[iatindia.org/assets/img/slider_1.jpg]
[iatindia.org/assets/img/slider_2.jpg]
[iatindia.org/assets/img/slider_3.jpg]
[iatindia.org/assets/img/fixed-image-area1.png]
[iatindia.org/assets/img/services-pop-image.png]
[iatindia.org/assets/img/courses/our_courses_image01.jpg]
[iatindia.org/assets/img/courses/our_courses.image02.jpg]
[iatindia.org/assets/img/courses/our_courses.image03.jpg]
[iatindia.org/assets/img/courses/our_courses.image04.jpg]
[iatindia.org/assets/img/courses/our_courses.image06.jpg]
[iatindia.org/assets/img/courses/our_courses.image05.jpg]
[iatindia.org/assets/img/about-banner.jpg]
[iatindia.org/assets/img/technician-banner.jpg]
[iatindia.org/assets/img/courses-banner.jpg]
[iatindia.org/assets/img/services-banner.jpg]
[iatindia.org/assets/img/gallery-banner.jpg]
[iatindia.org/assets/img/blog-banner.jpg]
[iatindia.org/assets/img/alumnus-banner.jpg]
[iatindia.org/assets/img/contact-banner.jpg]
[iatindia.org/assets/img/about/britco-fixed-banner.jpg]
[iatindia.org/assets/img/courses-pop-image.png]
[iatindia.org/assets/css/style.css]
[maxcdn.bootstrapcdn.com/font-awesome/4.5.0/css/font-awesome.min.css]
[cdnjs.cloudflare.com/ajax/libs/OwlCarousel2/2.3.4/assets/owl.video.play.png]
[cdnjs.cloudflare.com/ajax/libs/OwlCarousel2/2.3.4/assets/owl.carousel.min.css]
[cdnjs.cloudflare.com/ajax/libs/OwlCarousel2/2.3.4/assets/owl.theme.default.min.css]
[cdnjs.cloudflare.com/ajax/libs/animate.css/3.7.0/animate.css]
[iatindia.org/assets/css/bootstrap.css]
[iatindia.org/assets/css/bootstrap.min.css]
[stackpath.bootstrapcdn.com/font-awesome/4.7.0/css/font-awesome.min.css]
[md-aqil.github.io/images/swiper.min.css]
[iatindia.org/assets/css/responsive.css]
[iatindia.org/assets/css/floating-wpp.min.css]
[unpkg.com/aos@2.3.1/dist/aos.css]
[iatindia.org/storage/141/conversions/blog-image-frame-card.jpg]
[iatindia.org/storage/144/conversions/blog-image-construction-card.jpg]
[iatindia.org/storage/144/blog-image-construction.jpg]
[iatindia.org/blog.html]
[iatindia.org/storage/141/blog-image-frame.jpg]
[iatindia.org/assets/img/vl.jpg]
[iatindia.org/assets/img/vl2.jpg]
[iatindia.org/assets/img/vl3.jpg]
[iatindia.org/assets/img/vl4.jpg]
[iatindia.org/assets/img/alumni-head-image.jpg]
[iatindia.org/alumnus.html]
[iatindia.org/storage/118/1.jpg]
[iatindia.org/storage/118/conversions/1-card.jpg]
[iatindia.org/storage/119/2.jpg]
[iatindia.org/storage/119/conversions/2-card.jpg]
[iatindia.org/storage/120/3.jpg]
[iatindia.org/storage/120/conversions/3-card.jpg]
[iatindia.org/storage/121/4.jpg]
[iatindia.org/storage/121/conversions/4-card.jpg]
[iatindia.org/storage/122/5.jpg]
[iatindia.org/storage/122/conversions/5-card.jpg]
[iatindia.org/storage/123/6.jpg]
[iatindia.org/storage/123/conversions/6-card.jpg]
[iatindia.org/storage/125/7.jpg]
[iatindia.org/storage/125/conversions/7-card.jpg]
[iatindia.org/storage/126/8.jpg]
[iatindia.org/storage/126/conversions/8-card.jpg]
[iatindia.org/storage/127/9.jpg]
[iatindia.org/storage/127/conversions/9-card.jpg]
[iatindia.org/storage/128/10.jpg]
[iatindia.org/storage/128/conversions/10-card.jpg]
[iatindia.org/storage/129/11.jpg]
[iatindia.org/storage/129/conversions/11-card.jpg]
[iatindia.org/storage/130/12.jpg]
[iatindia.org/storage/130/conversions/12-card.jpg]
[iatindia.org/gallery.html]
[iatindia.org/contact.html]
[iatindia.org/index-2.html]
[iatindia.org/assets/img/about/img-about.png]
[iatindia.org/about-us.html]
[iatindia.org/storage/131/courses-ecm-repairing04.jpg]
[iatindia.org/assets/img/about/autho-03.png]
[iatindia.org/assets/img/about/autho-02.png]
[iatindia.org/assets/img/about/autho-01.png]
[iatindia.org/course/ecm-ecu-training.html]
[iatindia.org/storage/132/vehicle-diagnosis-technician-img01.jpg]
[iatindia.org/course/car-scanning-&-diagnosis-training.html]
[iatindia.org/storage/133/courses-ecm-vehicle03.jpg]
[iatindia.org/course/auto-electrical-&-car-ac.html]
[iatindia.org/storage/145/courses-image-caraccessoies01.jpg]
[iatindia.org/course/car-electronic-accessories.html]
[iatindia.org/storage/136/courses-image-mechanic01.jpg]
[iatindia.org/course/automobile-mechanic.html]
[iatindia.org/storage/138/courses-image-two-wheeler01.jpg]
[iatindia.org/course/two-wheeler-mechanic.html]
[iatindia.org/storage/139/courses-image-wheelalignment02.jpg]
[iatindia.org/course/wheel-alignment-training.html]
[iatindia.org/assets/img/serve1.jpg]
[iatindia.org/assets/img/serve2.jpg]
[iatindia.org/assets/img/serve3.jpg]
[iatindia.org/assets/img/serve4.jpg]
[iatindia.org/services.html]
[iatindia.org/assets/img/technicial-pop-image.png]
[iatindia.org/technician-supply.html]
[iatindia.org/storage/140/conversions/iat-technician-card.jpg]
[iatindia.org/course/car-scanning-diagnosis-training.html]
[iatindia.org/course/automobile-electrical.html]
[iatindia.org/assets/css/assets/fonts/ML-KV-Shamitha-H-Heavyd41d.html]
[iatindia.org/assets/css/assets/fonts/ML-KV-Shamitha-H-Heavy.html]
[iatindia.org/assets/css/assets/fonts/ML-KV-Shamitha-H-Heavy-2.html]
[iatindia.org/assets/css/assets/fonts/ML-KV-Shamitha-H-Heavy-3.html]
[iatindia.org/assets/css/assets/fonts/ML-KV-Shamitha-H-Heavy-4.html]
[iatindia.org/assets/img/galley-banner.html]
[iatindia.org/assets/img/blog-more-banner.html]
[iatindia.org/assets/img/trading-banner.html]
[iatindia.org/assets/img/entrepreneur-promotion.html]
[iatindia.org/assets/img/smartphone-repairing.html]
[iatindia.org/assets/img/digital-profession-banner.html]
[iatindia.org/assets/img/digital-technician-banner.html]
[iatindia.org/assets/img/employment-package-banner.html]
[iatindia.org/assets/img/smartphone-training.html]
[iatindia.org/assets/img/technician-supply.html]
[iatindia.org/blog/lorem-ipsum-is-not-simply-random-text-roots-in-a-piece-of-classical.html]
[iatindia.org/blog/blog-2.html]
[iatindia.org/assets/img/about/icon1.svg]
[iatindia.org/assets/img/about/icon2.svg]
[iatindia.org/assets/img/arrow.svg]
[iatindia.org/assets/img/icons/icn1.svg]
[iatindia.org/assets/img/icons/icn2.svg]
[iatindia.org/assets/img/icons/icn3.svg]
[iatindia.org/assets/img/icons/icn4.svg]
